Building DAG of jobs...
Using shell: /bin/bash
Provided cores: 1 (use --cores to define parallelism)
Rules claiming more threads will be scaled down.
Job stats:
job        count    min threads    max threads
-------  -------  -------------  -------------
tritisa        1              1              1
total          1              1              1

Select jobs to execute...

[Mon Jun 27 11:34:43 2022]
rule tritisa:
    input: ../../../com-data/GCF_000005845.2_ASM584v2.list
    jobid: 0
    reason: Rules with a run or shell declaration but no output are always executed.
    resources: tmpdir=/tmp

[Mon Jun 27 11:35:15 2022]
Error in rule tritisa:
    jobid: 0
    shell:
        ./TriTISA ../../../prepare/fna/NC_000913.fna ../../../prepare/med/NC_000913.med ../../../prepare/NC_000913
        (one of the commands exited with non-zero exit code; note that snakemake uses bash strict mode!)

Shutting down, this might take some time.
Exiting because a job execution failed. Look above for error message
Complete log: .snakemake/log/2022-06-27T113443.620880.snakemake.log
