Building DAG of jobs...
Using shell: /bin/bash
Provided cores: 1 (use --cores to define parallelism)
Rules claiming more threads will be scaled down.
Job stats:
job        count    min threads    max threads
-------  -------  -------------  -------------
tritisa        1              1              1
total          1              1              1

Select jobs to execute...

[Mon Jun 27 11:29:03 2022]
rule tritisa:
    input: ../../../com-data/GCF_000005845.2_ASM584v2.list
    jobid: 0
    reason: Rules with a run or shell declaration but no output are always executed.
    resources: tmpdir=/tmp

[Mon Jun 27 11:29:35 2022]
Error in rule tritisa:
    jobid: 0
    shell:
        
		while read line; do ./TriTISA ../../../prepare/fna/$line.fna ../../../prepare/med/$line.med ../../../prepare/$line; done < ../../../com-data/GCF_000005845.2_ASM584v2.list
		
        (one of the commands exited with non-zero exit code; note that snakemake uses bash strict mode!)

Shutting down, this might take some time.
Exiting because a job execution failed. Look above for error message
Complete log: .snakemake/log/2022-06-27T112902.935238.snakemake.log
